// Jest Snapshot v1, https://goo.gl/fbAQLP

exports[`3ID Resolver resolve 3ID sub 3ID resolves on valid sub document 1`] = `
Object {
  "@context": "https://w3id.org/did/v1",
  "authentication": Array [
    Object {
      "publicKey": "did:3:zdpuAsUryAVEbMHNi4Xdm8AYSohJoMKgqc9mbQDJEeGPVTPG2#subSigningKey",
      "type": "Secp256k1SignatureAuthentication2018",
    },
  ],
  "id": "did:3:zdpuAsUryAVEbMHNi4Xdm8AYSohJoMKgqc9mbQDJEeGPVTPG2",
  "proof": Object {
    "alg": "ES256K",
    "signature": "rF8U6R9Tzt1WW_AFlXX69ZOQvb8cd9m0fPAw3A9jmDST2-eikw02sstDEINP7M1ZQL4rho1Rv-zXEtMDajf-bQ",
  },
  "publicKey": Array [
    Object {
      "id": "did:3:zdpuAtgNc4w55mZTYL2YLhDNZgf2mrLnJ8k2Vt4Pccrxbqh6n#signingKey",
      "publicKeyHex": "03fdd57adec3d438ea237fe46b33ee1e016eda6b585c3e27ea66686c2ea5358479",
      "type": "Secp256k1VerificationKey2018",
    },
    Object {
      "id": "did:3:zdpuAtgNc4w55mZTYL2YLhDNZgf2mrLnJ8k2Vt4Pccrxbqh6n#encryptionKey",
      "publicKeyBase64": "fake encryptionKey",
      "type": "Curve25519EncryptionPublicKey",
    },
    Object {
      "ethereumAddress": "fake eth addr",
      "id": "did:3:zdpuAtgNc4w55mZTYL2YLhDNZgf2mrLnJ8k2Vt4Pccrxbqh6n#managementKey",
      "type": "Secp256k1VerificationKey2018",
    },
    Object {
      "id": "did:3:zdpuAsUryAVEbMHNi4Xdm8AYSohJoMKgqc9mbQDJEeGPVTPG2#subSigningKey",
      "publicKeyHex": "fake subSigningKey",
      "type": "Secp256k1VerificationKey2018",
    },
    Object {
      "id": "did:3:zdpuAsUryAVEbMHNi4Xdm8AYSohJoMKgqc9mbQDJEeGPVTPG2#subEncryptionKey",
      "publicKeyBase64": "fake subEncryptionKey",
      "type": "Curve25519EncryptionPublicKey",
    },
  ],
  "root": "did:3:zdpuAtgNc4w55mZTYL2YLhDNZgf2mrLnJ8k2Vt4Pccrxbqh6n",
  "space": "a space name",
}
`;
