// Jest Snapshot v1, https://goo.gl/fbAQLP

exports[`3ID Resolver resolve 3ID root 3ID resolves valid document 1`] = `[Error: path 'bafyreid2wdjphtjzjpcnx2c2rmvrdahqdityows3or363ulushrgcxa4v4' is not pinned]`;

exports[`3ID Resolver resolve 3ID sub 3ID resolves on valid sub document 1`] = `
Object {
  "@context": "https://w3id.org/did/v1",
  "authentication": Array [
    Object {
      "publicKey": "did:3:bafyreidjnqr6o2ctd4tjn5tb6ohltzegrlhq6bxnfy5gucrlzwcg54wbw4#subSigningKey",
      "type": "Secp256k1SignatureAuthentication2018",
    },
  ],
  "id": "did:3:bafyreidjnqr6o2ctd4tjn5tb6ohltzegrlhq6bxnfy5gucrlzwcg54wbw4",
  "proof": Object {
    "alg": "ES256K",
    "signature": "IZ-NzQW0seb75WXJasUASe19sXw_xTBfmBc9L9GR-UwC-QaVF3x8v1uH6NPxYnWpxTNccEE99ZVuiA8xQqlNCA",
  },
  "publicKey": Array [
    Object {
      "id": "did:3:bafyreid2wdjphtjzjpcnx2c2rmvrdahqdityows3or363ulushrgcxa4v4#signingKey",
      "publicKeyHex": "03fdd57adec3d438ea237fe46b33ee1e016eda6b585c3e27ea66686c2ea5358479",
      "type": "Secp256k1VerificationKey2018",
    },
    Object {
      "id": "did:3:bafyreid2wdjphtjzjpcnx2c2rmvrdahqdityows3or363ulushrgcxa4v4#encryptionKey",
      "publicKeyBase64": "fake encryptionKey",
      "type": "Curve25519EncryptionPublicKey",
    },
    Object {
      "ethereumAddress": "fake eth addr",
      "id": "did:3:bafyreid2wdjphtjzjpcnx2c2rmvrdahqdityows3or363ulushrgcxa4v4#managementKey",
      "type": "Secp256k1VerificationKey2018",
    },
    Object {
      "id": "did:3:bafyreidjnqr6o2ctd4tjn5tb6ohltzegrlhq6bxnfy5gucrlzwcg54wbw4#subSigningKey",
      "publicKeyHex": "fake subSigningKey",
      "type": "Secp256k1VerificationKey2018",
    },
    Object {
      "id": "did:3:bafyreidjnqr6o2ctd4tjn5tb6ohltzegrlhq6bxnfy5gucrlzwcg54wbw4#subEncryptionKey",
      "publicKeyBase64": "fake subEncryptionKey",
      "type": "Curve25519EncryptionPublicKey",
    },
  ],
  "root": "did:3:bafyreid2wdjphtjzjpcnx2c2rmvrdahqdityows3or363ulushrgcxa4v4",
  "space": "a space name",
}
`;

exports[`3ID Resolver resolve 3ID sub 3ID resolves on valid sub document 2`] = `[Error: path 'bafyreidjnqr6o2ctd4tjn5tb6ohltzegrlhq6bxnfy5gucrlzwcg54wbw4' is not pinned]`;
